[themusiclocker.com/index.html]
[backblue.gif]
[fade.gif]
[index.html]
[themusiclocker.com/rockstar_games/meta/img/icons/musiclocker/favicon.ico]
[themusiclocker.com/rockstar_games/meta/img/icons/musiclocker/apple-touch-icon.png]
[themusiclocker.com/de/index.html]
[themusiclocker.com/rockstar_games/meta/img/icons/musiclocker/favicon-32x32.png]
[themusiclocker.com/fr/index.html]
[themusiclocker.com/it/index.html]
[themusiclocker.com/rockstar_games/meta/img/icons/musiclocker/favicon-16x16.png]
[themusiclocker.com/jp/index.html]
[themusiclocker.com/rockstar_games/meta/img/icons/musiclocker/safari-pinned-tab.svg]
[themusiclocker.com/ru/index.html]
[themusiclocker.com/es/index.html]
[themusiclocker.com/dist/css/musiclocker-6b38105ab77e27dd2147.css]
[themusiclocker.com/mx/index.html]
[themusiclocker.com/br/index.html]
[themusiclocker.com/index.html]
[themusiclocker.com/dist/js/musiclocker-638ddccb7ffb01471a6f.js]
[themusiclocker.com/de/index.html]
[themusiclocker.com/kr/index.html]
[themusiclocker.com/fr/index.html]
[themusiclocker.com/it/index.html]
[themusiclocker.com/jp/index.html]
[themusiclocker.com/ru/index.html]
[themusiclocker.com/es/index.html]
[themusiclocker.com/mx/index.html]
[themusiclocker.com/br/index.html]
[themusiclocker.com/kr/index.html]
[themusiclocker.com/zh/index.html]
[themusiclocker.com/zh/index.html]
[themusiclocker.com/tw/index.html]
[themusiclocker.com/tw/index.html]
[themusiclocker.com/pl/index.html]
[themusiclocker.com/pl/index.html]
[themusiclocker.com/rockstar_games/meta/img/icons/musiclocker/safari-pinned-tab.svg]
[themusiclocker.com/dist/fonts/21It.woff]
[themusiclocker.com/dist/fonts/1W6P.woff]
[themusiclocker.com/dist/fonts/3ayM.woff]
[themusiclocker.com/dist/fonts/1mLQ.woff]
[themusiclocker.com/dist/fonts/3MMZ.woff]
[themusiclocker.com/dist/fonts/2gLT.woff]
[themusiclocker.com/dist/fonts/3MyT.woff]
[themusiclocker.com/dist/fonts/3pxL.woff]
[themusiclocker.com/dist/fonts/3GR3.woff]
[themusiclocker.com/dist/fonts/o8mt.woff]
[themusiclocker.com/dist/fonts/2AWg.woff]
[themusiclocker.com/dist/fonts/1kRk.woff]
[themusiclocker.com/dist/fonts/2LzO.woff]
[themusiclocker.com/dist/fonts/hb1w.woff]
[themusiclocker.com/dist/img/bA0z.jpg]
[themusiclocker.com/dist/img/25Mw.jpg]
[themusiclocker.com/dist/img/29Kb.jpg]
[themusiclocker.com/dist/img/36vm.jpg]
[themusiclocker.com/dist/img/1kU7.jpg]
[themusiclocker.com/dist/img/2bTA.jpg]
[themusiclocker.com/dist/img/2YT4.jpg]
[themusiclocker.com/dist/img/1_5d.jpg]
[themusiclocker.com/dist/img/3dtb.jpg]
[themusiclocker.com/dist/img/2Qxm.jpg]
[themusiclocker.com/dist/img/q1B_.jpg]
[themusiclocker.com/dist/img/YX9s.jpg]
[themusiclocker.com/dist/img/31DN.jpg]
[themusiclocker.com/dist/img/1aWS.jpg]
[themusiclocker.com/dist/img/2raB.jpg]
[themusiclocker.com/dist/img/3nvn.jpg]
[themusiclocker.com/dist/img/2AJY.jpg]
[themusiclocker.com/dist/img/32KK.jpg]
[themusiclocker.com/dist/img/mRic.jpg]
[themusiclocker.com/dist/img/3crz.jpg]
[themusiclocker.com/dist/img/P-Ev.jpg]
[themusiclocker.com/dist/css/musiclocker-6b38105ab77e27dd2147.css]
